[36mvite v5.4.21 [32mbuilding for production...[36m[39m
transforming...
[32m✓[39m 47 modules transformed.
rendering chunks...
computing gzip size...
[2mdist/[22m[32mindex.html                 [39m[1m[2m  0.47 kB[22m[1m[22m[2m │ gzip:  0.30 kB[22m
[2mdist/[22m[35massets/index-bO4nY5Zb.css  [39m[1m[2m 22.68 kB[22m[1m[22m[2m │ gzip:  4.47 kB[22m
[2mdist/[22m[36massets/index-BJLEo7gu.js   [39m[1m[2m240.02 kB[22m[1m[22m[2m │ gzip: 75.62 kB[22m
[32m✓ built in 11.24s[39m
